../Core/Src/stm32f1xx_it.c:64:6:NMI_Handler	4	static
../Core/Src/stm32f1xx_it.c:79:6:HardFault_Handler	4	static
../Core/Src/stm32f1xx_it.c:94:6:MemManage_Handler	4	static
../Core/Src/stm32f1xx_it.c:109:6:BusFault_Handler	4	static
../Core/Src/stm32f1xx_it.c:124:6:UsageFault_Handler	4	static
../Core/Src/stm32f1xx_it.c:139:6:SVC_Handler	4	static
../Core/Src/stm32f1xx_it.c:152:6:DebugMon_Handler	4	static
../Core/Src/stm32f1xx_it.c:165:6:PendSV_Handler	4	static
../Core/Src/stm32f1xx_it.c:178:6:SysTick_Handler	8	static
../Core/Src/stm32f1xx_it.c:197:6:OTG_FS_IRQHandler	8	static
../Core/Src/stm32f1xx_it.c:212:6:EXTI0_IRQHandler	8	static
../Core/Src/stm32f1xx_it.c:223:6:EXTI9_5_IRQHandler	8	static
../Core/Src/stm32f1xx_it.c:234:6:EXTI15_10_IRQHandler	8	static
../Core/Src/stm32f1xx_it.c:245:6:DMA1_Channel5_IRQHandler	8	static
